// Jest Snapshot v1, https://goo.gl/fbAQLP

exports[`With Jest snapshot, PlaceDetailPage container renders successfully 1`] = `
ShallowWrapper {
  "length": 1,
  Symbol(enzyme.__root__): [Circular],
  Symbol(enzyme.__unrendered__): <Connect(PlaceDetailPage) />,
  Symbol(enzyme.__renderer__): Object {
    "batchedUpdates": [Function],
    "getNode": [Function],
    "render": [Function],
    "simulateEvent": [Function],
    "unmount": [Function],
  },
  Symbol(enzyme.__node__): Object {
    "instance": null,
    "key": undefined,
    "nodeType": "class",
    "props": Object {
      "fetchPlaceDetail": [Function],
      "place": Object {
        "id": 1,
        "photos": Array [
          "photo.png",
        ],
        "rating": 3.5,
      },
    },
    "ref": null,
    "rendered": null,
    "type": [Function],
  },
  Symbol(enzyme.__nodes__): Array [
    Object {
      "instance": null,
      "key": undefined,
      "nodeType": "class",
      "props": Object {
        "fetchPlaceDetail": [Function],
        "place": Object {
          "id": 1,
          "photos": Array [
            "photo.png",
          ],
          "rating": 3.5,
        },
      },
      "ref": null,
      "rendered": null,
      "type": [Function],
    },
  ],
  Symbol(enzyme.__options__): Object {
    "adapter": ReactSixteenAdapter {
      "options": Object {
        "enableComponentDidUpdateOnSetState": true,
      },
    },
    "context": Object {
      "store": Object {
        "dispatch": [Function],
        "getAction": [Function],
        "getActions": [Function],
        "getState": [Function],
        "isActionDispatched": [Function],
        "isActionTypeDispatched": [Function],
        "subscribe": [Function],
      },
    },
  },
}
`;
